3 4 [4]
January February 3 false
Jan
April
["Jan", "February", 3, "April"]
["Jan", "February", 3, "April"]
