array
number
string
array
bool
undefined
bool:bool
[0, []]
