Allways
look on the
"bright" side
	of life!

Do 'it'
